ok - real Herdr lab: an opted-out spawn retains the Stage 1 Herdr command sequence with zero ordering calls
ok - real Herdr lab: a home that configured nothing is projected by default on herdr 0.9.1
ok - real Herdr lab: every projected create, task-tab create, seeded prune, and move preserves active workspace and tab
ok - real Herdr lab: persisted-focused seeded prune proceeds when no live client is attached
ok - real Herdr lab: bounded lock contention warns and falls back flat without projection or focus drift
ok - real Herdr lab: concurrent primary workers form one stable contiguous block without active workspace/tab drift
ok - real Herdr lab: forced workspace.move failure leaves a successful worker in default order with a warning and no cleanup
ok - real Herdr lab: concurrent post-create abort cleanup stays serialized with exact focus restoration
ok - real Herdr lab: Treehouse commands and metadata shape are byte-identical except for endpoint IDs and spawn incarnation
ok - real Herdr lab: exact task-pane close removes the projected workspace with no unrestored wrong-focus interval
ok - real Herdr lab: concurrent projected cleanup is serialized and leaves active workspace/tab unchanged
ok - real Herdr lab: three repeated concurrent create/order/cleanup waves have zero active workspace or tab drift
ok - real Herdr lab: the primary presentation setting inherits into real secondmate homes
ok - real Herdr lab: primary and two secondmate homes each own a top-level contiguous child block
ok - real Herdr lab: concurrent primary/A/B spawns preserve parent order and exact focus
ok - real Herdr lab: session lock contention from a secondmate home falls back flat with no journal
ok - real Herdr lab: Hi Bit and Wheelhouse-style same-identity restarts reclaim one nested space with exact focus and idempotence
ok - real Herdr lab: secondmate restart binding and reclaim stay isolated to the exact child home and parent
not ok - concurrent primary recovery failed: warning: /private/var/folders/4n/_bv20k5d26dgrq1t5y4l69940000gn/T/fm-herdr-presentation.NIePjo/home/data/resume-wave-primary/launch-brief.md records no ship branch; defaulting to legacy branch fm/resume-wave-primary
warning: /private/var/folders/4n/_bv20k5d26dgrq1t5y4l69940000gn/T/fm-herdr-presentation.NIePjo/home/data/resume-wave-primary/launch-brief.md records no delivery contract line (scaffolded before ship briefs recorded one); launching on the explicit --mode no-mistakes - confirm its definition of done matches
error: herdr presentation recovery could not acquire its session lock; refusing a concurrent resume
rm: /private/var/folders/4n/_bv20k5d26dgrq1t5y4l69940000gn/T/fm-herdr-presentation.NIePjo/home/state/p2.git-hooks/pre-rebase: Permission denied
rm: /private/var/folders/4n/_bv20k5d26dgrq1t5y4l69940000gn/T/fm-herdr-presentation.NIePjo/home/state/p2.git-hooks/pre-applypatch: Permission denied
rm: /private/var/folders/4n/_bv20k5d26dgrq1t5y4l69940000gn/T/fm-herdr-presentation.NIePjo/home/state/p2.git-hooks/pre-auto-gc: Permission denied
rm: /private/var/folders/4n/_bv20k5d26dgrq1t5y4l69940000gn/T/fm-herdr-presentation.NIePjo/home/state/p2.git-hooks/pre-merge-commit: Permission denied
rm: /private/var/folders/4n/_bv20k5d26dgrq1t5y4l69940000gn/T/fm-herdr-presentation.NIePjo/home/state/p2.git-hooks/post-commit: Permission denied
rm: /private/var/folders/4n/_bv20k5d26dgrq1t5y4l69940000gn/T/fm-herdr-presentation.NIePjo/home/state/p2.git-hooks/sendemail-validate: Permission denied
rm: /private/var/folders/4n/_bv20k5d26dgrq1t5y4l69940000gn/T/fm-herdr-presentation.NIePjo/home/state/p2.git-hooks/applypatch-msg: Permission denied
rm: /private/var/folders/4n/_bv20k5d26dgrq1t5y4l69940000gn/T/fm-herdr-presentation.NIePjo/home/state/p2.git-hooks/prepare-commit-msg: Permission denied
rm: /private/var/folders/4n/_bv20k5d26dgrq1t5y4l69940000gn/T/fm-herdr-presentation.NIePjo/home/state/p2.git-hooks/post-checkout: Permission denied
rm: /private/var/folders/4n/_bv20k5d26dgrq1t5y4l69940000gn/T/fm-herdr-presentation.NIePjo/home/state/p2.git-hooks/post-applypatch: Permission denied
rm: /private/var/folders/4n/_bv20k5d26dgrq1t5y4l69940000gn/T/fm-herdr-presentation.NIePjo/home/state/p2.git-hooks/post-rewrite: Permission denied
rm: /private/var/folders/4n/_bv20k5d26dgrq1t5y4l69940000gn/T/fm-herdr-presentation.NIePjo/home/state/p2.git-hooks/commit-msg: Permission denied
rm: /private/var/folders/4n/_bv20k5d26dgrq1t5y4l69940000gn/T/fm-herdr-presentation.NIePjo/home/state/p2.git-hooks/pre-push: Permission denied
rm: /private/var/folders/4n/_bv20k5d26dgrq1t5y4l69940000gn/T/fm-herdr-presentation.NIePjo/home/state/p2.git-hooks/post-merge: Permission denied
rm: /private/var/folders/4n/_bv20k5d26dgrq1t5y4l69940000gn/T/fm-herdr-presentation.NIePjo/home/state/p2.git-hooks/pre-commit: Permission denied
rm: /private/var/folders/4n/_bv20k5d26dgrq1t5y4l69940000gn/T/fm-herdr-presentation.NIePjo/home/state/p2.git-hooks: Directory not empty
rm: /private/var/folders/4n/_bv20k5d26dgrq1t5y4l69940000gn/T/fm-herdr-presentation.NIePjo/home/state/alpha.git-hooks/pre-rebase: Permission denied
rm: /private/var/folders/4n/_bv20k5d26dgrq1t5y4l69940000gn/T/fm-herdr-presentation.NIePjo/home/state/alpha.git-hooks/pre-applypatch: Permission denied
rm: /private/var/folders/4n/_bv20k5d26dgrq1t5y4l69940000gn/T/fm-herdr-presentation.NIePjo/home/state/alpha.git-hooks/pre-auto-gc: Permission denied
rm: /private/var/folders/4n/_bv20k5d26dgrq1t5y4l69940000gn/T/fm-herdr-presentation.NIePjo/home/state/alpha.git-hooks/pre-merge-commit: Permission denied
rm: /private/var/folders/4n/_bv20k5d26dgrq1t5y4l69940000gn/T/fm-herdr-presentation.NIePjo/home/state/alpha.git-hooks/post-commit: Permission denied
rm: /private/var/folders/4n/_bv20k5d26dgrq1t5y4l69940000gn/T/fm-herdr-presentation.NIePjo/home/state/alpha.git-hooks/sendemail-validate: Permission denied
rm: /private/var/folders/4n/_bv20k5d26dgrq1t5y4l69940000gn/T/fm-herdr-presentation.NIePjo/home/state/alpha.git-hooks/applypatch-msg: Permission denied
rm: /private/var/folders/4n/_bv20k5d26dgrq1t5y4l69940000gn/T/fm-herdr-presentation.NIePjo/home/state/alpha.git-hooks/prepare-commit-msg: Permission denied
rm: /private/var/folders/4n/_bv20k5d26dgrq1t5y4l69940000gn/T/fm-herdr-presentation.NIePjo/home/state/alpha.git-hooks/post-checkout: Permission denied
rm: /private/var/folders/4n/_bv20k5d26dgrq1t5y4l69940000gn/T/fm-herdr-presentation.NIePjo/home/state/alpha.git-hooks/post-applypatch: Permission denied
rm: /private/var/folders/4n/_bv20k5d26dgrq1t5y4l69940000gn/T/fm-herdr-presentation.NIePjo/home/state/alpha.git-hooks/post-rewrite: Permission denied
rm: /private/var/folders/4n/_bv20k5d26dgrq1t5y4l69940000gn/T/fm-herdr-presentation.NIePjo/home/state/alpha.git-hooks/commit-msg: Permission denied
rm: /private/var/folders/4n/_bv20k5d26dgrq1t5y4l69940000gn/T/fm-herdr-presentation.NIePjo/home/state/alpha.git-hooks/pre-push: Permission denied
rm: /private/var/folders/4n/_bv20k5d26dgrq1t5y4l69940000gn/T/fm-herdr-presentation.NIePjo/home/state/alpha.git-hooks/post-merge: Permission denied
rm: /private/var/folders/4n/_bv20k5d26dgrq1t5y4l69940000gn/T/fm-herdr-presentation.NIePjo/home/state/alpha.git-hooks/pre-commit: Permission denied
rm: /private/var/folders/4n/_bv20k5d26dgrq1t5y4l69940000gn/T/fm-herdr-presentation.NIePjo/home/state/alpha.git-hooks: Directory not empty
rm: /private/var/folders/4n/_bv20k5d26dgrq1t5y4l69940000gn/T/fm-herdr-presentation.NIePjo/home/state/resume-wave-primary.git-hooks/pre-rebase: Permission denied
rm: /private/var/folders/4n/_bv20k5d26dgrq1t5y4l69940000gn/T/fm-herdr-presentation.NIePjo/home/state/resume-wave-primary.git-hooks/pre-applypatch: Permission denied
rm: /private/var/folders/4n/_bv20k5d26dgrq1t5y4l69940000gn/T/fm-herdr-presentation.NIePjo/home/state/resume-wave-primary.git-hooks/pre-auto-gc: Permission denied
rm: /private/var/folders/4n/_bv20k5d26dgrq1t5y4l69940000gn/T/fm-herdr-presentation.NIePjo/home/state/resume-wave-primary.git-hooks/pre-merge-commit: Permission denied
rm: /private/var/folders/4n/_bv20k5d26dgrq1t5y4l69940000gn/T/fm-herdr-presentation.NIePjo/home/state/resume-wave-primary.git-hooks/post-commit: Permission denied
rm: /private/var/folders/4n/_bv20k5d26dgrq1t5y4l69940000gn/T/fm-herdr-presentation.NIePjo/home/state/resume-wave-primary.git-hooks/sendemail-validate: Permission denied
rm: /private/var/folders/4n/_bv20k5d26dgrq1t5y4l69940000gn/T/fm-herdr-presentation.NIePjo/home/state/resume-wave-primary.git-hooks/applypatch-msg: Permission denied
rm: /private/var/folders/4n/_bv20k5d26dgrq1t5y4l69940000gn/T/fm-herdr-presentation.NIePjo/home/state/resume-wave-primary.git-hooks/prepare-commit-msg: Permission denied
rm: /private/var/folders/4n/_bv20k5d26dgrq1t5y4l69940000gn/T/fm-herdr-presentation.NIePjo/home/state/resume-wave-primary.git-hooks/post-checkout: Permission denied
rm: /private/var/folders/4n/_bv20k5d26dgrq1t5y4l69940000gn/T/fm-herdr-presentation.NIePjo/home/state/resume-wave-primary.git-hooks/post-applypatch: Permission denied
rm: /private/var/folders/4n/_bv20k5d26dgrq1t5y4l69940000gn/T/fm-herdr-presentation.NIePjo/home/state/resume-wave-primary.git-hooks/post-rewrite: Permission denied
rm: /private/var/folders/4n/_bv20k5d26dgrq1t5y4l69940000gn/T/fm-herdr-presentation.NIePjo/home/state/resume-wave-primary.git-hooks/commit-msg: Permission denied
rm: /private/var/folders/4n/_bv20k5d26dgrq1t5y4l69940000gn/T/fm-herdr-presentation.NIePjo/home/state/resume-wave-primary.git-hooks/pre-push: Permission denied
rm: /private/var/folders/4n/_bv20k5d26dgrq1t5y4l69940000gn/T/fm-herdr-presentation.NIePjo/home/state/resume-wave-primary.git-hooks/post-merge: Permission denied
rm: /private/var/folders/4n/_bv20k5d26dgrq1t5y4l69940000gn/T/fm-herdr-presentation.NIePjo/home/state/resume-wave-primary.git-hooks/pre-commit: Permission denied
rm: /private/var/folders/4n/_bv20k5d26dgrq1t5y4l69940000gn/T/fm-herdr-presentation.NIePjo/home/state/resume-wave-primary.git-hooks: Directory not empty
rm: /private/var/folders/4n/_bv20k5d26dgrq1t5y4l69940000gn/T/fm-herdr-presentation.NIePjo/home/state/p1.git-hooks/pre-rebase: Permission denied
rm: /private/var/folders/4n/_bv20k5d26dgrq1t5y4l69940000gn/T/fm-herdr-presentation.NIePjo/home/state/p1.git-hooks/pre-applypatch: Permission denied
rm: /private/var/folders/4n/_bv20k5d26dgrq1t5y4l69940000gn/T/fm-herdr-presentation.NIePjo/home/state/p1.git-hooks/pre-auto-gc: Permission denied
rm: /private/var/folders/4n/_bv20k5d26dgrq1t5y4l69940000gn/T/fm-herdr-presentation.NIePjo/home/state/p1.git-hooks/pre-merge-commit: Permission denied
rm: /private/var/folders/4n/_bv20k5d26dgrq1t5y4l69940000gn/T/fm-herdr-presentation.NIePjo/home/state/p1.git-hooks/post-commit: Permission denied
rm: /private/var/folders/4n/_bv20k5d26dgrq1t5y4l69940000gn/T/fm-herdr-presentation.NIePjo/home/state/p1.git-hooks/sendemail-validate: Permission denied
rm: /private/var/folders/4n/_bv20k5d26dgrq1t5y4l69940000gn/T/fm-herdr-presentation.NIePjo/home/state/p1.git-hooks/applypatch-msg: Permission denied
rm: /private/var/folders/4n/_bv20k5d26dgrq1t5y4l69940000gn/T/fm-herdr-presentation.NIePjo/home/state/p1.git-hooks/prepare-commit-msg: Permission denied
rm: /private/var/folders/4n/_bv20k5d26dgrq1t5y4l69940000gn/T/fm-herdr-presentation.NIePjo/home/state/p1.git-hooks/post-checkout: Permission denied
rm: /private/var/folders/4n/_bv20k5d26dgrq1t5y4l69940000gn/T/fm-herdr-presentation.NIePjo/home/state/p1.git-hooks/post-applypatch: Permission denied
rm: /private/var/folders/4n/_bv20k5d26dgrq1t5y4l69940000gn/T/fm-herdr-presentation.NIePjo/home/state/p1.git-hooks/post-rewrite: Permission denied
rm: /private/var/folders/4n/_bv20k5d26dgrq1t5y4l69940000gn/T/fm-herdr-presentation.NIePjo/home/state/p1.git-hooks/commit-msg: Permission denied
rm: /private/var/folders/4n/_bv20k5d26dgrq1t5y4l69940000gn/T/fm-herdr-presentation.NIePjo/home/state/p1.git-hooks/pre-push: Permission denied
rm: /private/var/folders/4n/_bv20k5d26dgrq1t5y4l69940000gn/T/fm-herdr-presentation.NIePjo/home/state/p1.git-hooks/post-merge: Permission denied
rm: /private/var/folders/4n/_bv20k5d26dgrq1t5y4l69940000gn/T/fm-herdr-presentation.NIePjo/home/state/p1.git-hooks/pre-commit: Permission denied
rm: /private/var/folders/4n/_bv20k5d26dgrq1t5y4l69940000gn/T/fm-herdr-presentation.NIePjo/home/state/p1.git-hooks: Directory not empty
rm: /private/var/folders/4n/_bv20k5d26dgrq1t5y4l69940000gn/T/fm-herdr-presentation.NIePjo/home/state/anchor.git-hooks/pre-rebase: Permission denied
rm: /private/var/folders/4n/_bv20k5d26dgrq1t5y4l69940000gn/T/fm-herdr-presentation.NIePjo/home/state/anchor.git-hooks/pre-applypatch: Permission denied
rm: /private/var/folders/4n/_bv20k5d26dgrq1t5y4l69940000gn/T/fm-herdr-presentation.NIePjo/home/state/anchor.git-hooks/pre-auto-gc: Permission denied
rm: /private/var/folders/4n/_bv20k5d26dgrq1t5y4l69940000gn/T/fm-herdr-presentation.NIePjo/home/state/anchor.git-hooks/pre-merge-commit: Permission denied
rm: /private/var/folders/4n/_bv20k5d26dgrq1t5y4l69940000gn/T/fm-herdr-presentation.NIePjo/home/state/anchor.git-hooks/post-commit: Permission denied
rm: /private/var/folders/4n/_bv20k5d26dgrq1t5y4l69940000gn/T/fm-herdr-presentation.NIePjo/home/state/anchor.git-hooks/sendemail-validate: Permission denied
rm: /private/var/folders/4n/_bv20k5d26dgrq1t5y4l69940000gn/T/fm-herdr-presentation.NIePjo/home/state/anchor.git-hooks/applypatch-msg: Permission denied
rm: /private/var/folders/4n/_bv20k5d26dgrq1t5y4l69940000gn/T/fm-herdr-presentation.NIePjo/home/state/anchor.git-hooks/prepare-commit-msg: Permission denied
rm: /private/var/folders/4n/_bv20k5d26dgrq1t5y4l69940000gn/T/fm-herdr-presentation.NIePjo/home/state/anchor.git-hooks/post-checkout: Permission denied
rm: /private/var/folders/4n/_bv20k5d26dgrq1t5y4l69940000gn/T/fm-herdr-presentation.NIePjo/home/state/anchor.git-hooks/post-applypatch: Permission denied
rm: /private/var/folders/4n/_bv20k5d26dgrq1t5y4l69940000gn/T/fm-herdr-presentation.NIePjo/home/state/anchor.git-hooks/post-rewrite: Permission denied
rm: /private/var/folders/4n/_bv20k5d26dgrq1t5y4l69940000gn/T/fm-herdr-presentation.NIePjo/home/state/anchor.git-hooks/commit-msg: Permission denied
rm: /private/var/folders/4n/_bv20k5d26dgrq1t5y4l69940000gn/T/fm-herdr-presentation.NIePjo/home/state/anchor.git-hooks/pre-push: Permission denied
rm: /private/var/folders/4n/_bv20k5d26dgrq1t5y4l69940000gn/T/fm-herdr-presentation.NIePjo/home/state/anchor.git-hooks/post-merge: Permission denied
rm: /private/var/folders/4n/_bv20k5d26dgrq1t5y4l69940000gn/T/fm-herdr-presentation.NIePjo/home/state/anchor.git-hooks/pre-commit: Permission denied
rm: /private/var/folders/4n/_bv20k5d26dgrq1t5y4l69940000gn/T/fm-herdr-presentation.NIePjo/home/state/anchor.git-hooks: Directory not empty
rm: /private/var/folders/4n/_bv20k5d26dgrq1t5y4l69940000gn/T/fm-herdr-presentation.NIePjo/home/state/pcw.git-hooks/pre-rebase: Permission denied
rm: /private/var/folders/4n/_bv20k5d26dgrq1t5y4l69940000gn/T/fm-herdr-presentation.NIePjo/home/state/pcw.git-hooks/pre-applypatch: Permission denied
rm: /private/var/folders/4n/_bv20k5d26dgrq1t5y4l69940000gn/T/fm-herdr-presentation.NIePjo/home/state/pcw.git-hooks/pre-auto-gc: Permission denied
rm: /private/var/folders/4n/_bv20k5d26dgrq1t5y4l69940000gn/T/fm-herdr-presentation.NIePjo/home/state/pcw.git-hooks/pre-merge-commit: Permission denied
rm: /private/var/folders/4n/_bv20k5d26dgrq1t5y4l69940000gn/T/fm-herdr-presentation.NIePjo/home/state/pcw.git-hooks/post-commit: Permission denied
rm: /private/var/folders/4n/_bv20k5d26dgrq1t5y4l69940000gn/T/fm-herdr-presentation.NIePjo/home/state/pcw.git-hooks/sendemail-validate: Permission denied
rm: /private/var/folders/4n/_bv20k5d26dgrq1t5y4l69940000gn/T/fm-herdr-presentation.NIePjo/home/state/pcw.git-hooks/applypatch-msg: Permission denied
rm: /private/var/folders/4n/_bv20k5d26dgrq1t5y4l69940000gn/T/fm-herdr-presentation.NIePjo/home/state/pcw.git-hooks/prepare-commit-msg: Permission denied
rm: /private/var/folders/4n/_bv20k5d26dgrq1t5y4l69940000gn/T/fm-herdr-presentation.NIePjo/home/state/pcw.git-hooks/post-checkout: Permission denied
rm: /private/var/folders/4n/_bv20k5d26dgrq1t5y4l69940000gn/T/fm-herdr-presentation.NIePjo/home/state/pcw.git-hooks/post-applypatch: Permission denied
rm: /private/var/folders/4n/_bv20k5d26dgrq1t5y4l69940000gn/T/fm-herdr-presentation.NIePjo/home/state/pcw.git-hooks/post-rewrite: Permission denied
rm: /private/var/folders/4n/_bv20k5d26dgrq1t5y4l69940000gn/T/fm-herdr-presentation.NIePjo/home/state/pcw.git-hooks/commit-msg: Permission denied
rm: /private/var/folders/4n/_bv20k5d26dgrq1t5y4l69940000gn/T/fm-herdr-presentation.NIePjo/home/state/pcw.git-hooks/pre-push: Permission denied
rm: /private/var/folders/4n/_bv20k5d26dgrq1t5y4l69940000gn/T/fm-herdr-presentation.NIePjo/home/state/pcw.git-hooks/post-merge: Permission denied
rm: /private/var/folders/4n/_bv20k5d26dgrq1t5y4l69940000gn/T/fm-herdr-presentation.NIePjo/home/state/pcw.git-hooks/pre-commit: Permission denied
rm: /private/var/folders/4n/_bv20k5d26dgrq1t5y4l69940000gn/T/fm-herdr-presentation.NIePjo/home/state/pcw.git-hooks: Directory not empty
rm: /private/var/folders/4n/_bv20k5d26dgrq1t5y4l69940000gn/T/fm-herdr-presentation.NIePjo/home/state: Directory not empty
rm: /private/var/folders/4n/_bv20k5d26dgrq1t5y4l69940000gn/T/fm-herdr-presentation.NIePjo/home: Directory not empty
rm: /private/var/folders/4n/_bv20k5d26dgrq1t5y4l69940000gn/T/fm-herdr-presentation.NIePjo/home-2ndmate-bravo/state/b1.git-hooks/pre-rebase: Permission denied
rm: /private/var/folders/4n/_bv20k5d26dgrq1t5y4l69940000gn/T/fm-herdr-presentation.NIePjo/home-2ndmate-bravo/state/b1.git-hooks/pre-applypatch: Permission denied
rm: /private/var/folders/4n/_bv20k5d26dgrq1t5y4l69940000gn/T/fm-herdr-presentation.NIePjo/home-2ndmate-bravo/state/b1.git-hooks/pre-auto-gc: Permission denied
rm: /private/var/folders/4n/_bv20k5d26dgrq1t5y4l69940000gn/T/fm-herdr-presentation.NIePjo/home-2ndmate-bravo/state/b1.git-hooks/pre-merge-commit: Permission denied
rm: /private/var/folders/4n/_bv20k5d26dgrq1t5y4l69940000gn/T/fm-herdr-presentation.NIePjo/home-2ndmate-bravo/state/b1.git-hooks/post-commit: Permission denied
rm: /private/var/folders/4n/_bv20k5d26dgrq1t5y4l69940000gn/T/fm-herdr-presentation.NIePjo/home-2ndmate-bravo/state/b1.git-hooks/sendemail-validate: Permission denied
rm: /private/var/folders/4n/_bv20k5d26dgrq1t5y4l69940000gn/T/fm-herdr-presentation.NIePjo/home-2ndmate-bravo/state/b1.git-hooks/applypatch-msg: Permission denied
rm: /private/var/folders/4n/_bv20k5d26dgrq1t5y4l69940000gn/T/fm-herdr-presentation.NIePjo/home-2ndmate-bravo/state/b1.git-hooks/prepare-commit-msg: Permission denied
rm: /private/var/folders/4n/_bv20k5d26dgrq1t5y4l69940000gn/T/fm-herdr-presentation.NIePjo/home-2ndmate-bravo/state/b1.git-hooks/post-checkout: Permission denied
rm: /private/var/folders/4n/_bv20k5d26dgrq1t5y4l69940000gn/T/fm-herdr-presentation.NIePjo/home-2ndmate-bravo/state/b1.git-hooks/post-applypatch: Permission denied
rm: /private/var/folders/4n/_bv20k5d26dgrq1t5y4l69940000gn/T/fm-herdr-presentation.NIePjo/home-2ndmate-bravo/state/b1.git-hooks/post-rewrite: Permission denied
rm: /private/var/folders/4n/_bv20k5d26dgrq1t5y4l69940000gn/T/fm-herdr-presentation.NIePjo/home-2ndmate-bravo/state/b1.git-hooks/commit-msg: Permission denied
rm: /private/var/folders/4n/_bv20k5d26dgrq1t5y4l69940000gn/T/fm-herdr-presentation.NIePjo/home-2ndmate-bravo/state/b1.git-hooks/pre-push: Permission denied
rm: /private/var/folders/4n/_bv20k5d26dgrq1t5y4l69940000gn/T/fm-herdr-presentation.NIePjo/home-2ndmate-bravo/state/b1.git-hooks/post-merge: Permission denied
rm: /private/var/folders/4n/_bv20k5d26dgrq1t5y4l69940000gn/T/fm-herdr-presentation.NIePjo/home-2ndmate-bravo/state/b1.git-hooks/pre-commit: Permission denied
rm: /private/var/folders/4n/_bv20k5d26dgrq1t5y4l69940000gn/T/fm-herdr-presentation.NIePjo/home-2ndmate-bravo/state/b1.git-hooks: Directory not empty
rm: /private/var/folders/4n/_bv20k5d26dgrq1t5y4l69940000gn/T/fm-herdr-presentation.NIePjo/home-2ndmate-bravo/state/bcw.git-hooks/pre-rebase: Permission denied
rm: /private/var/folders/4n/_bv20k5d26dgrq1t5y4l69940000gn/T/fm-herdr-presentation.NIePjo/home-2ndmate-bravo/state/bcw.git-hooks/pre-applypatch: Permission denied
rm: /private/var/folders/4n/_bv20k5d26dgrq1t5y4l69940000gn/T/fm-herdr-presentation.NIePjo/home-2ndmate-bravo/state/bcw.git-hooks/pre-auto-gc: Permission denied
rm: /private/var/folders/4n/_bv20k5d26dgrq1t5y4l69940000gn/T/fm-herdr-presentation.NIePjo/home-2ndmate-bravo/state/bcw.git-hooks/pre-merge-commit: Permission denied
rm: /private/var/folders/4n/_bv20k5d26dgrq1t5y4l69940000gn/T/fm-herdr-presentation.NIePjo/home-2ndmate-bravo/state/bcw.git-hooks/post-commit: Permission denied
rm: /private/var/folders/4n/_bv20k5d26dgrq1t5y4l69940000gn/T/fm-herdr-presentation.NIePjo/home-2ndmate-bravo/state/bcw.git-hooks/sendemail-validate: Permission denied
rm: /private/var/folders/4n/_bv20k5d26dgrq1t5y4l69940000gn/T/fm-herdr-presentation.NIePjo/home-2ndmate-bravo/state/bcw.git-hooks/applypatch-msg: Permission denied
rm: /private/var/folders/4n/_bv20k5d26dgrq1t5y4l69940000gn/T/fm-herdr-presentation.NIePjo/home-2ndmate-bravo/state/bcw.git-hooks/prepare-commit-msg: Permission denied
rm: /private/var/folders/4n/_bv20k5d26dgrq1t5y4l69940000gn/T/fm-herdr-presentation.NIePjo/home-2ndmate-bravo/state/bcw.git-hooks/post-checkout: Permission denied
rm: /private/var/folders/4n/_bv20k5d26dgrq1t5y4l69940000gn/T/fm-herdr-presentation.NIePjo/home-2ndmate-bravo/state/bcw.git-hooks/post-applypatch: Permission denied
rm: /private/var/folders/4n/_bv20k5d26dgrq1t5y4l69940000gn/T/fm-herdr-presentation.NIePjo/home-2ndmate-bravo/state/bcw.git-hooks/post-rewrite: Permission denied
rm: /private/var/folders/4n/_bv20k5d26dgrq1t5y4l69940000gn/T/fm-herdr-presentation.NIePjo/home-2ndmate-bravo/state/bcw.git-hooks/commit-msg: Permission denied
rm: /private/var/folders/4n/_bv20k5d26dgrq1t5y4l69940000gn/T/fm-herdr-presentation.NIePjo/home-2ndmate-bravo/state/bcw.git-hooks/pre-push: Permission denied
rm: /private/var/folders/4n/_bv20k5d26dgrq1t5y4l69940000gn/T/fm-herdr-presentation.NIePjo/home-2ndmate-bravo/state/bcw.git-hooks/post-merge: Permission denied
rm: /private/var/folders/4n/_bv20k5d26dgrq1t5y4l69940000gn/T/fm-herdr-presentation.NIePjo/home-2ndmate-bravo/state/bcw.git-hooks/pre-commit: Permission denied
rm: /private/var/folders/4n/_bv20k5d26dgrq1t5y4l69940000gn/T/fm-herdr-presentation.NIePjo/home-2ndmate-bravo/state/bcw.git-hooks: Directory not empty
rm: /private/var/folders/4n/_bv20k5d26dgrq1t5y4l69940000gn/T/fm-herdr-presentation.NIePjo/home-2ndmate-bravo/state/b2.git-hooks/pre-rebase: Permission denied
rm: /private/var/folders/4n/_bv20k5d26dgrq1t5y4l69940000gn/T/fm-herdr-presentation.NIePjo/home-2ndmate-bravo/state/b2.git-hooks/pre-applypatch: Permission denied
rm: /private/var/folders/4n/_bv20k5d26dgrq1t5y4l69940000gn/T/fm-herdr-presentation.NIePjo/home-2ndmate-bravo/state/b2.git-hooks/pre-auto-gc: Permission denied
rm: /private/var/folders/4n/_bv20k5d26dgrq1t5y4l69940000gn/T/fm-herdr-presentation.NIePjo/home-2ndmate-bravo/state/b2.git-hooks/pre-merge-commit: Permission denied
rm: /private/var/folders/4n/_bv20k5d26dgrq1t5y4l69940000gn/T/fm-herdr-presentation.NIePjo/home-2ndmate-bravo/state/b2.git-hooks/post-commit: Permission denied
rm: /private/var/folders/4n/_bv20k5d26dgrq1t5y4l69940000gn/T/fm-herdr-presentation.NIePjo/home-2ndmate-bravo/state/b2.git-hooks/sendemail-validate: Permission denied
rm: /private/var/folders/4n/_bv20k5d26dgrq1t5y4l69940000gn/T/fm-herdr-presentation.NIePjo/home-2ndmate-bravo/state/b2.git-hooks/applypatch-msg: Permission denied
rm: /private/var/folders/4n/_bv20k5d26dgrq1t5y4l69940000gn/T/fm-herdr-presentation.NIePjo/home-2ndmate-bravo/state/b2.git-hooks/prepare-commit-msg: Permission denied
rm: /private/var/folders/4n/_bv20k5d26dgrq1t5y4l69940000gn/T/fm-herdr-presentation.NIePjo/home-2ndmate-bravo/state/b2.git-hooks/post-checkout: Permission denied
rm: /private/var/folders/4n/_bv20k5d26dgrq1t5y4l69940000gn/T/fm-herdr-presentation.NIePjo/home-2ndmate-bravo/state/b2.git-hooks/post-applypatch: Permission denied
rm: /private/var/folders/4n/_bv20k5d26dgrq1t5y4l69940000gn/T/fm-herdr-presentation.NIePjo/home-2ndmate-bravo/state/b2.git-hooks/post-rewrite: Permission denied
rm: /private/var/folders/4n/_bv20k5d26dgrq1t5y4l69940000gn/T/fm-herdr-presentation.NIePjo/home-2ndmate-bravo/state/b2.git-hooks/commit-msg: Permission denied
rm: /private/var/folders/4n/_bv20k5d26dgrq1t5y4l69940000gn/T/fm-herdr-presentation.NIePjo/home-2ndmate-bravo/state/b2.git-hooks/pre-push: Permission denied
rm: /private/var/folders/4n/_bv20k5d26dgrq1t5y4l69940000gn/T/fm-herdr-presentation.NIePjo/home-2ndmate-bravo/state/b2.git-hooks/post-merge: Permission denied
rm: /private/var/folders/4n/_bv20k5d26dgrq1t5y4l69940000gn/T/fm-herdr-presentation.NIePjo/home-2ndmate-bravo/state/b2.git-hooks/pre-commit: Permission denied
rm: /private/var/folders/4n/_bv20k5d26dgrq1t5y4l69940000gn/T/fm-herdr-presentation.NIePjo/home-2ndmate-bravo/state/b2.git-hooks: Directory not empty
rm: /private/var/folders/4n/_bv20k5d26dgrq1t5y4l69940000gn/T/fm-herdr-presentation.NIePjo/home-2ndmate-bravo/state/resume-wave-bravo.git-hooks/pre-rebase: Permission denied
rm: /private/var/folders/4n/_bv20k5d26dgrq1t5y4l69940000gn/T/fm-herdr-presentation.NIePjo/home-2ndmate-bravo/state/resume-wave-bravo.git-hooks/pre-applypatch: Permission denied
rm: /private/var/folders/4n/_bv20k5d26dgrq1t5y4l69940000gn/T/fm-herdr-presentation.NIePjo/home-2ndmate-bravo/state/resume-wave-bravo.git-hooks/pre-auto-gc: Permission denied
rm: /private/var/folders/4n/_bv20k5d26dgrq1t5y4l69940000gn/T/fm-herdr-presentation.NIePjo/home-2ndmate-bravo/state/resume-wave-bravo.git-hooks/pre-merge-commit: Permission denied
rm: /private/var/folders/4n/_bv20k5d26dgrq1t5y4l69940000gn/T/fm-herdr-presentation.NIePjo/home-2ndmate-bravo/state/resume-wave-bravo.git-hooks/post-commit: Permission denied
rm: /private/var/folders/4n/_bv20k5d26dgrq1t5y4l69940000gn/T/fm-herdr-presentation.NIePjo/home-2ndmate-bravo/state/resume-wave-bravo.git-hooks/sendemail-validate: Permission denied
rm: /private/var/folders/4n/_bv20k5d26dgrq1t5y4l69940000gn/T/fm-herdr-presentation.NIePjo/home-2ndmate-bravo/state/resume-wave-bravo.git-hooks/applypatch-msg: Permission denied
rm: /private/var/folders/4n/_bv20k5d26dgrq1t5y4l69940000gn/T/fm-herdr-presentation.NIePjo/home-2ndmate-bravo/state/resume-wave-bravo.git-hooks/prepare-commit-msg: Permission denied
rm: /private/var/folders/4n/_bv20k5d26dgrq1t5y4l69940000gn/T/fm-herdr-presentation.NIePjo/home-2ndmate-bravo/state/resume-wave-bravo.git-hooks/post-checkout: Permission denied
rm: /private/var/folders/4n/_bv20k5d26dgrq1t5y4l69940000gn/T/fm-herdr-presentation.NIePjo/home-2ndmate-bravo/state/resume-wave-bravo.git-hooks/post-applypatch: Permission denied
rm: /private/var/folders/4n/_bv20k5d26dgrq1t5y4l69940000gn/T/fm-herdr-presentation.NIePjo/home-2ndmate-bravo/state/resume-wave-bravo.git-hooks/post-rewrite: Permission denied
rm: /private/var/folders/4n/_bv20k5d26dgrq1t5y4l69940000gn/T/fm-herdr-presentation.NIePjo/home-2ndmate-bravo/state/resume-wave-bravo.git-hooks/commit-msg: Permission denied
rm: /private/var/folders/4n/_bv20k5d26dgrq1t5y4l69940000gn/T/fm-herdr-presentation.NIePjo/home-2ndmate-bravo/state/resume-wave-bravo.git-hooks/pre-push: Permission denied
rm: /private/var/folders/4n/_bv20k5d26dgrq1t5y4l69940000gn/T/fm-herdr-presentation.NIePjo/home-2ndmate-bravo/state/resume-wave-bravo.git-hooks/post-merge: Permission denied
rm: /private/var/folders/4n/_bv20k5d26dgrq1t5y4l69940000gn/T/fm-herdr-presentation.NIePjo/home-2ndmate-bravo/state/resume-wave-bravo.git-hooks/pre-commit: Permission denied
rm: /private/var/folders/4n/_bv20k5d26dgrq1t5y4l69940000gn/T/fm-herdr-presentation.NIePjo/home-2ndmate-bravo/state/resume-wave-bravo.git-hooks: Directory not empty
rm: /private/var/folders/4n/_bv20k5d26dgrq1t5y4l69940000gn/T/fm-herdr-presentation.NIePjo/home-2ndmate-bravo/state: Directory not empty
rm: /private/var/folders/4n/_bv20k5d26dgrq1t5y4l69940000gn/T/fm-herdr-presentation.NIePjo/home-2ndmate-bravo: Directory not empty
rm: /private/var/folders/4n/_bv20k5d26dgrq1t5y4l69940000gn/T/fm-herdr-presentation.NIePjo/home-2ndmate-alpha/state/acw.git-hooks/pre-rebase: Permission denied
rm: /private/var/folders/4n/_bv20k5d26dgrq1t5y4l69940000gn/T/fm-herdr-presentation.NIePjo/home-2ndmate-alpha/state/acw.git-hooks/pre-applypatch: Permission denied
rm: /private/var/folders/4n/_bv20k5d26dgrq1t5y4l69940000gn/T/fm-herdr-presentation.NIePjo/home-2ndmate-alpha/state/acw.git-hooks/pre-auto-gc: Permission denied
rm: /private/var/folders/4n/_bv20k5d26dgrq1t5y4l69940000gn/T/fm-herdr-presentation.NIePjo/home-2ndmate-alpha/state/acw.git-hooks/pre-merge-commit: Permission denied
rm: /private/var/folders/4n/_bv20k5d26dgrq1t5y4l69940000gn/T/fm-herdr-presentation.NIePjo/home-2ndmate-alpha/state/acw.git-hooks/post-commit: Permission denied
rm: /private/var/folders/4n/_bv20k5d26dgrq1t5y4l69940000gn/T/fm-herdr-presentation.NIePjo/home-2ndmate-alpha/state/acw.git-hooks/sendemail-validate: Permission denied
rm: /private/var/folders/4n/_bv20k5d26dgrq1t5y4l69940000gn/T/fm-herdr-presentation.NIePjo/home-2ndmate-alpha/state/acw.git-hooks/applypatch-msg: Permission denied
rm: /private/var/folders/4n/_bv20k5d26dgrq1t5y4l69940000gn/T/fm-herdr-presentation.NIePjo/home-2ndmate-alpha/state/acw.git-hooks/prepare-commit-msg: Permission denied
rm: /private/var/folders/4n/_bv20k5d26dgrq1t5y4l69940000gn/T/fm-herdr-presentation.NIePjo/home-2ndmate-alpha/state/acw.git-hooks/post-checkout: Permission denied
rm: /private/var/folders/4n/_bv20k5d26dgrq1t5y4l69940000gn/T/fm-herdr-presentation.NIePjo/home-2ndmate-alpha/state/acw.git-hooks/post-applypatch: Permission denied
rm: /private/var/folders/4n/_bv20k5d26dgrq1t5y4l69940000gn/T/fm-herdr-presentation.NIePjo/home-2ndmate-alpha/state/acw.git-hooks/post-rewrite: Permission denied
rm: /private/var/folders/4n/_bv20k5d26dgrq1t5y4l69940000gn/T/fm-herdr-presentation.NIePjo/home-2ndmate-alpha/state/acw.git-hooks/commit-msg: Permission denied
rm: /private/var/folders/4n/_bv20k5d26dgrq1t5y4l69940000gn/T/fm-herdr-presentation.NIePjo/home-2ndmate-alpha/state/acw.git-hooks/pre-push: Permission denied
rm: /private/var/folders/4n/_bv20k5d26dgrq1t5y4l69940000gn/T/fm-herdr-presentation.NIePjo/home-2ndmate-alpha/state/acw.git-hooks/post-merge: Permission denied
rm: /private/var/folders/4n/_bv20k5d26dgrq1t5y4l69940000gn/T/fm-herdr-presentation.NIePjo/home-2ndmate-alpha/state/acw.git-hooks/pre-commit: Permission denied
rm: /private/var/folders/4n/_bv20k5d26dgrq1t5y4l69940000gn/T/fm-herdr-presentation.NIePjo/home-2ndmate-alpha/state/acw.git-hooks: Directory not empty
rm: /private/var/folders/4n/_bv20k5d26dgrq1t5y4l69940000gn/T/fm-herdr-presentation.NIePjo/home-2ndmate-alpha/state/a2.git-hooks/pre-rebase: Permission denied
rm: /private/var/folders/4n/_bv20k5d26dgrq1t5y4l69940000gn/T/fm-herdr-presentation.NIePjo/home-2ndmate-alpha/state/a2.git-hooks/pre-applypatch: Permission denied
rm: /private/var/folders/4n/_bv20k5d26dgrq1t5y4l69940000gn/T/fm-herdr-presentation.NIePjo/home-2ndmate-alpha/state/a2.git-hooks/pre-auto-gc: Permission denied
rm: /private/var/folders/4n/_bv20k5d26dgrq1t5y4l69940000gn/T/fm-herdr-presentation.NIePjo/home-2ndmate-alpha/state/a2.git-hooks/pre-merge-commit: Permission denied
rm: /private/var/folders/4n/_bv20k5d26dgrq1t5y4l69940000gn/T/fm-herdr-presentation.NIePjo/home-2ndmate-alpha/state/a2.git-hooks/post-commit: Permission denied
rm: /private/var/folders/4n/_bv20k5d26dgrq1t5y4l69940000gn/T/fm-herdr-presentation.NIePjo/home-2ndmate-alpha/state/a2.git-hooks/sendemail-validate: Permission denied
rm: /private/var/folders/4n/_bv20k5d26dgrq1t5y4l69940000gn/T/fm-herdr-presentation.NIePjo/home-2ndmate-alpha/state/a2.git-hooks/applypatch-msg: Permission denied
rm: /private/var/folders/4n/_bv20k5d26dgrq1t5y4l69940000gn/T/fm-herdr-presentation.NIePjo/home-2ndmate-alpha/state/a2.git-hooks/prepare-commit-msg: Permission denied
rm: /private/var/folders/4n/_bv20k5d26dgrq1t5y4l69940000gn/T/fm-herdr-presentation.NIePjo/home-2ndmate-alpha/state/a2.git-hooks/post-checkout: Permission denied
rm: /private/var/folders/4n/_bv20k5d26dgrq1t5y4l69940000gn/T/fm-herdr-presentation.NIePjo/home-2ndmate-alpha/state/a2.git-hooks/post-applypatch: Permission denied
rm: /private/var/folders/4n/_bv20k5d26dgrq1t5y4l69940000gn/T/fm-herdr-presentation.NIePjo/home-2ndmate-alpha/state/a2.git-hooks/post-rewrite: Permission denied
rm: /private/var/folders/4n/_bv20k5d26dgrq1t5y4l69940000gn/T/fm-herdr-presentation.NIePjo/home-2ndmate-alpha/state/a2.git-hooks/commit-msg: Permission denied
rm: /private/var/folders/4n/_bv20k5d26dgrq1t5y4l69940000gn/T/fm-herdr-presentation.NIePjo/home-2ndmate-alpha/state/a2.git-hooks/pre-push: Permission denied
rm: /private/var/folders/4n/_bv20k5d26dgrq1t5y4l69940000gn/T/fm-herdr-presentation.NIePjo/home-2ndmate-alpha/state/a2.git-hooks/post-merge: Permission denied
rm: /private/var/folders/4n/_bv20k5d26dgrq1t5y4l69940000gn/T/fm-herdr-presentation.NIePjo/home-2ndmate-alpha/state/a2.git-hooks/pre-commit: Permission denied
rm: /private/var/folders/4n/_bv20k5d26dgrq1t5y4l69940000gn/T/fm-herdr-presentation.NIePjo/home-2ndmate-alpha/state/a2.git-hooks: Directory not empty
rm: /private/var/folders/4n/_bv20k5d26dgrq1t5y4l69940000gn/T/fm-herdr-presentation.NIePjo/home-2ndmate-alpha/state/a1.git-hooks/pre-rebase: Permission denied
rm: /private/var/folders/4n/_bv20k5d26dgrq1t5y4l69940000gn/T/fm-herdr-presentation.NIePjo/home-2ndmate-alpha/state/a1.git-hooks/pre-applypatch: Permission denied
rm: /private/var/folders/4n/_bv20k5d26dgrq1t5y4l69940000gn/T/fm-herdr-presentation.NIePjo/home-2ndmate-alpha/state/a1.git-hooks/pre-auto-gc: Permission denied
rm: /private/var/folders/4n/_bv20k5d26dgrq1t5y4l69940000gn/T/fm-herdr-presentation.NIePjo/home-2ndmate-alpha/state/a1.git-hooks/pre-merge-commit: Permission denied
rm: /private/var/folders/4n/_bv20k5d26dgrq1t5y4l69940000gn/T/fm-herdr-presentation.NIePjo/home-2ndmate-alpha/state/a1.git-hooks/post-commit: Permission denied
rm: /private/var/folders/4n/_bv20k5d26dgrq1t5y4l69940000gn/T/fm-herdr-presentation.NIePjo/home-2ndmate-alpha/state/a1.git-hooks/sendemail-validate: Permission denied
rm: /private/var/folders/4n/_bv20k5d26dgrq1t5y4l69940000gn/T/fm-herdr-presentation.NIePjo/home-2ndmate-alpha/state/a1.git-hooks/applypatch-msg: Permission denied
rm: /private/var/folders/4n/_bv20k5d26dgrq1t5y4l69940000gn/T/fm-herdr-presentation.NIePjo/home-2ndmate-alpha/state/a1.git-hooks/prepare-commit-msg: Permission denied
rm: /private/var/folders/4n/_bv20k5d26dgrq1t5y4l69940000gn/T/fm-herdr-presentation.NIePjo/home-2ndmate-alpha/state/a1.git-hooks/post-checkout: Permission denied
rm: /private/var/folders/4n/_bv20k5d26dgrq1t5y4l69940000gn/T/fm-herdr-presentation.NIePjo/home-2ndmate-alpha/state/a1.git-hooks/post-applypatch: Permission denied
rm: /private/var/folders/4n/_bv20k5d26dgrq1t5y4l69940000gn/T/fm-herdr-presentation.NIePjo/home-2ndmate-alpha/state/a1.git-hooks/post-rewrite: Permission denied
rm: /private/var/folders/4n/_bv20k5d26dgrq1t5y4l69940000gn/T/fm-herdr-presentation.NIePjo/home-2ndmate-alpha/state/a1.git-hooks/commit-msg: Permission denied
rm: /private/var/folders/4n/_bv20k5d26dgrq1t5y4l69940000gn/T/fm-herdr-presentation.NIePjo/home-2ndmate-alpha/state/a1.git-hooks/pre-push: Permission denied
rm: /private/var/folders/4n/_bv20k5d26dgrq1t5y4l69940000gn/T/fm-herdr-presentation.NIePjo/home-2ndmate-alpha/state/a1.git-hooks/post-merge: Permission denied
rm: /private/var/folders/4n/_bv20k5d26dgrq1t5y4l69940000gn/T/fm-herdr-presentation.NIePjo/home-2ndmate-alpha/state/a1.git-hooks/pre-commit: Permission denied
rm: /private/var/folders/4n/_bv20k5d26dgrq1t5y4l69940000gn/T/fm-herdr-presentation.NIePjo/home-2ndmate-alpha/state/a1.git-hooks: Directory not empty
rm: /private/var/folders/4n/_bv20k5d26dgrq1t5y4l69940000gn/T/fm-herdr-presentation.NIePjo/home-2ndmate-alpha/state: Directory not empty
rm: /private/var/folders/4n/_bv20k5d26dgrq1t5y4l69940000gn/T/fm-herdr-presentation.NIePjo/home-2ndmate-alpha: Directory not empty
rm: /private/var/folders/4n/_bv20k5d26dgrq1t5y4l69940000gn/T/fm-herdr-presentation.NIePjo: Directory not empty
rm: /private/var/folders/4n/_bv20k5d26dgrq1t5y4l69940000gn/T/fm-herdr-presentation.NIePjo/home/state/p2.git-hooks/pre-rebase: Permission denied
rm: /private/var/folders/4n/_bv20k5d26dgrq1t5y4l69940000gn/T/fm-herdr-presentation.NIePjo/home/state/p2.git-hooks/pre-applypatch: Permission denied
rm: /private/var/folders/4n/_bv20k5d26dgrq1t5y4l69940000gn/T/fm-herdr-presentation.NIePjo/home/state/p2.git-hooks/pre-auto-gc: Permission denied
rm: /private/var/folders/4n/_bv20k5d26dgrq1t5y4l69940000gn/T/fm-herdr-presentation.NIePjo/home/state/p2.git-hooks/pre-merge-commit: Permission denied
rm: /private/var/folders/4n/_bv20k5d26dgrq1t5y4l69940000gn/T/fm-herdr-presentation.NIePjo/home/state/p2.git-hooks/post-commit: Permission denied
rm: /private/var/folders/4n/_bv20k5d26dgrq1t5y4l69940000gn/T/fm-herdr-presentation.NIePjo/home/state/p2.git-hooks/sendemail-validate: Permission denied
rm: /private/var/folders/4n/_bv20k5d26dgrq1t5y4l69940000gn/T/fm-herdr-presentation.NIePjo/home/state/p2.git-hooks/applypatch-msg: Permission denied
rm: /private/var/folders/4n/_bv20k5d26dgrq1t5y4l69940000gn/T/fm-herdr-presentation.NIePjo/home/state/p2.git-hooks/prepare-commit-msg: Permission denied
rm: /private/var/folders/4n/_bv20k5d26dgrq1t5y4l69940000gn/T/fm-herdr-presentation.NIePjo/home/state/p2.git-hooks/post-checkout: Permission denied
rm: /private/var/folders/4n/_bv20k5d26dgrq1t5y4l69940000gn/T/fm-herdr-presentation.NIePjo/home/state/p2.git-hooks/post-applypatch: Permission denied
rm: /private/var/folders/4n/_bv20k5d26dgrq1t5y4l69940000gn/T/fm-herdr-presentation.NIePjo/home/state/p2.git-hooks/post-rewrite: Permission denied
rm: /private/var/folders/4n/_bv20k5d26dgrq1t5y4l69940000gn/T/fm-herdr-presentation.NIePjo/home/state/p2.git-hooks/commit-msg: Permission denied
rm: /private/var/folders/4n/_bv20k5d26dgrq1t5y4l69940000gn/T/fm-herdr-presentation.NIePjo/home/state/p2.git-hooks/pre-push: Permission denied
rm: /private/var/folders/4n/_bv20k5d26dgrq1t5y4l69940000gn/T/fm-herdr-presentation.NIePjo/home/state/p2.git-hooks/post-merge: Permission denied
rm: /private/var/folders/4n/_bv20k5d26dgrq1t5y4l69940000gn/T/fm-herdr-presentation.NIePjo/home/state/p2.git-hooks/pre-commit: Permission denied
rm: /private/var/folders/4n/_bv20k5d26dgrq1t5y4l69940000gn/T/fm-herdr-presentation.NIePjo/home/state/p2.git-hooks: Directory not empty
rm: /private/var/folders/4n/_bv20k5d26dgrq1t5y4l69940000gn/T/fm-herdr-presentation.NIePjo/home/state/alpha.git-hooks/pre-rebase: Permission denied
rm: /private/var/folders/4n/_bv20k5d26dgrq1t5y4l69940000gn/T/fm-herdr-presentation.NIePjo/home/state/alpha.git-hooks/pre-applypatch: Permission denied
rm: /private/var/folders/4n/_bv20k5d26dgrq1t5y4l69940000gn/T/fm-herdr-presentation.NIePjo/home/state/alpha.git-hooks/pre-auto-gc: Permission denied
rm: /private/var/folders/4n/_bv20k5d26dgrq1t5y4l69940000gn/T/fm-herdr-presentation.NIePjo/home/state/alpha.git-hooks/pre-merge-commit: Permission denied
rm: /private/var/folders/4n/_bv20k5d26dgrq1t5y4l69940000gn/T/fm-herdr-presentation.NIePjo/home/state/alpha.git-hooks/post-commit: Permission denied
rm: /private/var/folders/4n/_bv20k5d26dgrq1t5y4l69940000gn/T/fm-herdr-presentation.NIePjo/home/state/alpha.git-hooks/sendemail-validate: Permission denied
rm: /private/var/folders/4n/_bv20k5d26dgrq1t5y4l69940000gn/T/fm-herdr-presentation.NIePjo/home/state/alpha.git-hooks/applypatch-msg: Permission denied
rm: /private/var/folders/4n/_bv20k5d26dgrq1t5y4l69940000gn/T/fm-herdr-presentation.NIePjo/home/state/alpha.git-hooks/prepare-commit-msg: Permission denied
rm: /private/var/folders/4n/_bv20k5d26dgrq1t5y4l69940000gn/T/fm-herdr-presentation.NIePjo/home/state/alpha.git-hooks/post-checkout: Permission denied
rm: /private/var/folders/4n/_bv20k5d26dgrq1t5y4l69940000gn/T/fm-herdr-presentation.NIePjo/home/state/alpha.git-hooks/post-applypatch: Permission denied
rm: /private/var/folders/4n/_bv20k5d26dgrq1t5y4l69940000gn/T/fm-herdr-presentation.NIePjo/home/state/alpha.git-hooks/post-rewrite: Permission denied
rm: /private/var/folders/4n/_bv20k5d26dgrq1t5y4l69940000gn/T/fm-herdr-presentation.NIePjo/home/state/alpha.git-hooks/commit-msg: Permission denied
rm: /private/var/folders/4n/_bv20k5d26dgrq1t5y4l69940000gn/T/fm-herdr-presentation.NIePjo/home/state/alpha.git-hooks/pre-push: Permission denied
rm: /private/var/folders/4n/_bv20k5d26dgrq1t5y4l69940000gn/T/fm-herdr-presentation.NIePjo/home/state/alpha.git-hooks/post-merge: Permission denied
rm: /private/var/folders/4n/_bv20k5d26dgrq1t5y4l69940000gn/T/fm-herdr-presentation.NIePjo/home/state/alpha.git-hooks/pre-commit: Permission denied
rm: /private/var/folders/4n/_bv20k5d26dgrq1t5y4l69940000gn/T/fm-herdr-presentation.NIePjo/home/state/alpha.git-hooks: Directory not empty
rm: /private/var/folders/4n/_bv20k5d26dgrq1t5y4l69940000gn/T/fm-herdr-presentation.NIePjo/home/state/resume-wave-primary.git-hooks/pre-rebase: Permission denied
rm: /private/var/folders/4n/_bv20k5d26dgrq1t5y4l69940000gn/T/fm-herdr-presentation.NIePjo/home/state/resume-wave-primary.git-hooks/pre-applypatch: Permission denied
rm: /private/var/folders/4n/_bv20k5d26dgrq1t5y4l69940000gn/T/fm-herdr-presentation.NIePjo/home/state/resume-wave-primary.git-hooks/pre-auto-gc: Permission denied
rm: /private/var/folders/4n/_bv20k5d26dgrq1t5y4l69940000gn/T/fm-herdr-presentation.NIePjo/home/state/resume-wave-primary.git-hooks/pre-merge-commit: Permission denied
rm: /private/var/folders/4n/_bv20k5d26dgrq1t5y4l69940000gn/T/fm-herdr-presentation.NIePjo/home/state/resume-wave-primary.git-hooks/post-commit: Permission denied
rm: /private/var/folders/4n/_bv20k5d26dgrq1t5y4l69940000gn/T/fm-herdr-presentation.NIePjo/home/state/resume-wave-primary.git-hooks/sendemail-validate: Permission denied
rm: /private/var/folders/4n/_bv20k5d26dgrq1t5y4l69940000gn/T/fm-herdr-presentation.NIePjo/home/state/resume-wave-primary.git-hooks/applypatch-msg: Permission denied
rm: /private/var/folders/4n/_bv20k5d26dgrq1t5y4l69940000gn/T/fm-herdr-presentation.NIePjo/home/state/resume-wave-primary.git-hooks/prepare-commit-msg: Permission denied
rm: /private/var/folders/4n/_bv20k5d26dgrq1t5y4l69940000gn/T/fm-herdr-presentation.NIePjo/home/state/resume-wave-primary.git-hooks/post-checkout: Permission denied
rm: /private/var/folders/4n/_bv20k5d26dgrq1t5y4l69940000gn/T/fm-herdr-presentation.NIePjo/home/state/resume-wave-primary.git-hooks/post-applypatch: Permission denied
rm: /private/var/folders/4n/_bv20k5d26dgrq1t5y4l69940000gn/T/fm-herdr-presentation.NIePjo/home/state/resume-wave-primary.git-hooks/post-rewrite: Permission denied
rm: /private/var/folders/4n/_bv20k5d26dgrq1t5y4l69940000gn/T/fm-herdr-presentation.NIePjo/home/state/resume-wave-primary.git-hooks/commit-msg: Permission denied
rm: /private/var/folders/4n/_bv20k5d26dgrq1t5y4l69940000gn/T/fm-herdr-presentation.NIePjo/home/state/resume-wave-primary.git-hooks/pre-push: Permission denied
rm: /private/var/folders/4n/_bv20k5d26dgrq1t5y4l69940000gn/T/fm-herdr-presentation.NIePjo/home/state/resume-wave-primary.git-hooks/post-merge: Permission denied
rm: /private/var/folders/4n/_bv20k5d26dgrq1t5y4l69940000gn/T/fm-herdr-presentation.NIePjo/home/state/resume-wave-primary.git-hooks/pre-commit: Permission denied
rm: /private/var/folders/4n/_bv20k5d26dgrq1t5y4l69940000gn/T/fm-herdr-presentation.NIePjo/home/state/resume-wave-primary.git-hooks: Directory not empty
rm: /private/var/folders/4n/_bv20k5d26dgrq1t5y4l69940000gn/T/fm-herdr-presentation.NIePjo/home/state/p1.git-hooks/pre-rebase: Permission denied
rm: /private/var/folders/4n/_bv20k5d26dgrq1t5y4l69940000gn/T/fm-herdr-presentation.NIePjo/home/state/p1.git-hooks/pre-applypatch: Permission denied
rm: /private/var/folders/4n/_bv20k5d26dgrq1t5y4l69940000gn/T/fm-herdr-presentation.NIePjo/home/state/p1.git-hooks/pre-auto-gc: Permission denied
rm: /private/var/folders/4n/_bv20k5d26dgrq1t5y4l69940000gn/T/fm-herdr-presentation.NIePjo/home/state/p1.git-hooks/pre-merge-commit: Permission denied
rm: /private/var/folders/4n/_bv20k5d26dgrq1t5y4l69940000gn/T/fm-herdr-presentation.NIePjo/home/state/p1.git-hooks/post-commit: Permission denied
rm: /private/var/folders/4n/_bv20k5d26dgrq1t5y4l69940000gn/T/fm-herdr-presentation.NIePjo/home/state/p1.git-hooks/sendemail-validate: Permission denied
rm: /private/var/folders/4n/_bv20k5d26dgrq1t5y4l69940000gn/T/fm-herdr-presentation.NIePjo/home/state/p1.git-hooks/applypatch-msg: Permission denied
rm: /private/var/folders/4n/_bv20k5d26dgrq1t5y4l69940000gn/T/fm-herdr-presentation.NIePjo/home/state/p1.git-hooks/prepare-commit-msg: Permission denied
rm: /private/var/folders/4n/_bv20k5d26dgrq1t5y4l69940000gn/T/fm-herdr-presentation.NIePjo/home/state/p1.git-hooks/post-checkout: Permission denied
rm: /private/var/folders/4n/_bv20k5d26dgrq1t5y4l69940000gn/T/fm-herdr-presentation.NIePjo/home/state/p1.git-hooks/post-applypatch: Permission denied
rm: /private/var/folders/4n/_bv20k5d26dgrq1t5y4l69940000gn/T/fm-herdr-presentation.NIePjo/home/state/p1.git-hooks/post-rewrite: Permission denied
rm: /private/var/folders/4n/_bv20k5d26dgrq1t5y4l69940000gn/T/fm-herdr-presentation.NIePjo/home/state/p1.git-hooks/commit-msg: Permission denied
rm: /private/var/folders/4n/_bv20k5d26dgrq1t5y4l69940000gn/T/fm-herdr-presentation.NIePjo/home/state/p1.git-hooks/pre-push: Permission denied
rm: /private/var/folders/4n/_bv20k5d26dgrq1t5y4l69940000gn/T/fm-herdr-presentation.NIePjo/home/state/p1.git-hooks/post-merge: Permission denied
rm: /private/var/folders/4n/_bv20k5d26dgrq1t5y4l69940000gn/T/fm-herdr-presentation.NIePjo/home/state/p1.git-hooks/pre-commit: Permission denied
rm: /private/var/folders/4n/_bv20k5d26dgrq1t5y4l69940000gn/T/fm-herdr-presentation.NIePjo/home/state/p1.git-hooks: Directory not empty
rm: /private/var/folders/4n/_bv20k5d26dgrq1t5y4l69940000gn/T/fm-herdr-presentation.NIePjo/home/state/anchor.git-hooks/pre-rebase: Permission denied
rm: /private/var/folders/4n/_bv20k5d26dgrq1t5y4l69940000gn/T/fm-herdr-presentation.NIePjo/home/state/anchor.git-hooks/pre-applypatch: Permission denied
rm: /private/var/folders/4n/_bv20k5d26dgrq1t5y4l69940000gn/T/fm-herdr-presentation.NIePjo/home/state/anchor.git-hooks/pre-auto-gc: Permission denied
rm: /private/var/folders/4n/_bv20k5d26dgrq1t5y4l69940000gn/T/fm-herdr-presentation.NIePjo/home/state/anchor.git-hooks/pre-merge-commit: Permission denied
rm: /private/var/folders/4n/_bv20k5d26dgrq1t5y4l69940000gn/T/fm-herdr-presentation.NIePjo/home/state/anchor.git-hooks/post-commit: Permission denied
rm: /private/var/folders/4n/_bv20k5d26dgrq1t5y4l69940000gn/T/fm-herdr-presentation.NIePjo/home/state/anchor.git-hooks/sendemail-validate: Permission denied
rm: /private/var/folders/4n/_bv20k5d26dgrq1t5y4l69940000gn/T/fm-herdr-presentation.NIePjo/home/state/anchor.git-hooks/applypatch-msg: Permission denied
rm: /private/var/folders/4n/_bv20k5d26dgrq1t5y4l69940000gn/T/fm-herdr-presentation.NIePjo/home/state/anchor.git-hooks/prepare-commit-msg: Permission denied
rm: /private/var/folders/4n/_bv20k5d26dgrq1t5y4l69940000gn/T/fm-herdr-presentation.NIePjo/home/state/anchor.git-hooks/post-checkout: Permission denied
rm: /private/var/folders/4n/_bv20k5d26dgrq1t5y4l69940000gn/T/fm-herdr-presentation.NIePjo/home/state/anchor.git-hooks/post-applypatch: Permission denied
rm: /private/var/folders/4n/_bv20k5d26dgrq1t5y4l69940000gn/T/fm-herdr-presentation.NIePjo/home/state/anchor.git-hooks/post-rewrite: Permission denied
rm: /private/var/folders/4n/_bv20k5d26dgrq1t5y4l69940000gn/T/fm-herdr-presentation.NIePjo/home/state/anchor.git-hooks/commit-msg: Permission denied
rm: /private/var/folders/4n/_bv20k5d26dgrq1t5y4l69940000gn/T/fm-herdr-presentation.NIePjo/home/state/anchor.git-hooks/pre-push: Permission denied
rm: /private/var/folders/4n/_bv20k5d26dgrq1t5y4l69940000gn/T/fm-herdr-presentation.NIePjo/home/state/anchor.git-hooks/post-merge: Permission denied
rm: /private/var/folders/4n/_bv20k5d26dgrq1t5y4l69940000gn/T/fm-herdr-presentation.NIePjo/home/state/anchor.git-hooks/pre-commit: Permission denied
rm: /private/var/folders/4n/_bv20k5d26dgrq1t5y4l69940000gn/T/fm-herdr-presentation.NIePjo/home/state/anchor.git-hooks: Directory not empty
rm: /private/var/folders/4n/_bv20k5d26dgrq1t5y4l69940000gn/T/fm-herdr-presentation.NIePjo/home/state/pcw.git-hooks/pre-rebase: Permission denied
rm: /private/var/folders/4n/_bv20k5d26dgrq1t5y4l69940000gn/T/fm-herdr-presentation.NIePjo/home/state/pcw.git-hooks/pre-applypatch: Permission denied
rm: /private/var/folders/4n/_bv20k5d26dgrq1t5y4l69940000gn/T/fm-herdr-presentation.NIePjo/home/state/pcw.git-hooks/pre-auto-gc: Permission denied
rm: /private/var/folders/4n/_bv20k5d26dgrq1t5y4l69940000gn/T/fm-herdr-presentation.NIePjo/home/state/pcw.git-hooks/pre-merge-commit: Permission denied
rm: /private/var/folders/4n/_bv20k5d26dgrq1t5y4l69940000gn/T/fm-herdr-presentation.NIePjo/home/state/pcw.git-hooks/post-commit: Permission denied
rm: /private/var/folders/4n/_bv20k5d26dgrq1t5y4l69940000gn/T/fm-herdr-presentation.NIePjo/home/state/pcw.git-hooks/sendemail-validate: Permission denied
rm: /private/var/folders/4n/_bv20k5d26dgrq1t5y4l69940000gn/T/fm-herdr-presentation.NIePjo/home/state/pcw.git-hooks/applypatch-msg: Permission denied
rm: /private/var/folders/4n/_bv20k5d26dgrq1t5y4l69940000gn/T/fm-herdr-presentation.NIePjo/home/state/pcw.git-hooks/prepare-commit-msg: Permission denied
rm: /private/var/folders/4n/_bv20k5d26dgrq1t5y4l69940000gn/T/fm-herdr-presentation.NIePjo/home/state/pcw.git-hooks/post-checkout: Permission denied
rm: /private/var/folders/4n/_bv20k5d26dgrq1t5y4l69940000gn/T/fm-herdr-presentation.NIePjo/home/state/pcw.git-hooks/post-applypatch: Permission denied
rm: /private/var/folders/4n/_bv20k5d26dgrq1t5y4l69940000gn/T/fm-herdr-presentation.NIePjo/home/state/pcw.git-hooks/post-rewrite: Permission denied
rm: /private/var/folders/4n/_bv20k5d26dgrq1t5y4l69940000gn/T/fm-herdr-presentation.NIePjo/home/state/pcw.git-hooks/commit-msg: Permission denied
rm: /private/var/folders/4n/_bv20k5d26dgrq1t5y4l69940000gn/T/fm-herdr-presentation.NIePjo/home/state/pcw.git-hooks/pre-push: Permission denied
rm: /private/var/folders/4n/_bv20k5d26dgrq1t5y4l69940000gn/T/fm-herdr-presentation.NIePjo/home/state/pcw.git-hooks/post-merge: Permission denied
rm: /private/var/folders/4n/_bv20k5d26dgrq1t5y4l69940000gn/T/fm-herdr-presentation.NIePjo/home/state/pcw.git-hooks/pre-commit: Permission denied
rm: /private/var/folders/4n/_bv20k5d26dgrq1t5y4l69940000gn/T/fm-herdr-presentation.NIePjo/home/state/pcw.git-hooks: Directory not empty
rm: /private/var/folders/4n/_bv20k5d26dgrq1t5y4l69940000gn/T/fm-herdr-presentation.NIePjo/home/state: Directory not empty
rm: /private/var/folders/4n/_bv20k5d26dgrq1t5y4l69940000gn/T/fm-herdr-presentation.NIePjo/home: Directory not empty
rm: /private/var/folders/4n/_bv20k5d26dgrq1t5y4l69940000gn/T/fm-herdr-presentation.NIePjo/home-2ndmate-bravo/state/b1.git-hooks/pre-rebase: Permission denied
rm: /private/var/folders/4n/_bv20k5d26dgrq1t5y4l69940000gn/T/fm-herdr-presentation.NIePjo/home-2ndmate-bravo/state/b1.git-hooks/pre-applypatch: Permission denied
rm: /private/var/folders/4n/_bv20k5d26dgrq1t5y4l69940000gn/T/fm-herdr-presentation.NIePjo/home-2ndmate-bravo/state/b1.git-hooks/pre-auto-gc: Permission denied
rm: /private/var/folders/4n/_bv20k5d26dgrq1t5y4l69940000gn/T/fm-herdr-presentation.NIePjo/home-2ndmate-bravo/state/b1.git-hooks/pre-merge-commit: Permission denied
rm: /private/var/folders/4n/_bv20k5d26dgrq1t5y4l69940000gn/T/fm-herdr-presentation.NIePjo/home-2ndmate-bravo/state/b1.git-hooks/post-commit: Permission denied
rm: /private/var/folders/4n/_bv20k5d26dgrq1t5y4l69940000gn/T/fm-herdr-presentation.NIePjo/home-2ndmate-bravo/state/b1.git-hooks/sendemail-validate: Permission denied
rm: /private/var/folders/4n/_bv20k5d26dgrq1t5y4l69940000gn/T/fm-herdr-presentation.NIePjo/home-2ndmate-bravo/state/b1.git-hooks/applypatch-msg: Permission denied
rm: /private/var/folders/4n/_bv20k5d26dgrq1t5y4l69940000gn/T/fm-herdr-presentation.NIePjo/home-2ndmate-bravo/state/b1.git-hooks/prepare-commit-msg: Permission denied
rm: /private/var/folders/4n/_bv20k5d26dgrq1t5y4l69940000gn/T/fm-herdr-presentation.NIePjo/home-2ndmate-bravo/state/b1.git-hooks/post-checkout: Permission denied
rm: /private/var/folders/4n/_bv20k5d26dgrq1t5y4l69940000gn/T/fm-herdr-presentation.NIePjo/home-2ndmate-bravo/state/b1.git-hooks/post-applypatch: Permission denied
rm: /private/var/folders/4n/_bv20k5d26dgrq1t5y4l69940000gn/T/fm-herdr-presentation.NIePjo/home-2ndmate-bravo/state/b1.git-hooks/post-rewrite: Permission denied
rm: /private/var/folders/4n/_bv20k5d26dgrq1t5y4l69940000gn/T/fm-herdr-presentation.NIePjo/home-2ndmate-bravo/state/b1.git-hooks/commit-msg: Permission denied
rm: /private/var/folders/4n/_bv20k5d26dgrq1t5y4l69940000gn/T/fm-herdr-presentation.NIePjo/home-2ndmate-bravo/state/b1.git-hooks/pre-push: Permission denied
rm: /private/var/folders/4n/_bv20k5d26dgrq1t5y4l69940000gn/T/fm-herdr-presentation.NIePjo/home-2ndmate-bravo/state/b1.git-hooks/post-merge: Permission denied
rm: /private/var/folders/4n/_bv20k5d26dgrq1t5y4l69940000gn/T/fm-herdr-presentation.NIePjo/home-2ndmate-bravo/state/b1.git-hooks/pre-commit: Permission denied
rm: /private/var/folders/4n/_bv20k5d26dgrq1t5y4l69940000gn/T/fm-herdr-presentation.NIePjo/home-2ndmate-bravo/state/b1.git-hooks: Directory not empty
rm: /private/var/folders/4n/_bv20k5d26dgrq1t5y4l69940000gn/T/fm-herdr-presentation.NIePjo/home-2ndmate-bravo/state/bcw.git-hooks/pre-rebase: Permission denied
rm: /private/var/folders/4n/_bv20k5d26dgrq1t5y4l69940000gn/T/fm-herdr-presentation.NIePjo/home-2ndmate-bravo/state/bcw.git-hooks/pre-applypatch: Permission denied
rm: /private/var/folders/4n/_bv20k5d26dgrq1t5y4l69940000gn/T/fm-herdr-presentation.NIePjo/home-2ndmate-bravo/state/bcw.git-hooks/pre-auto-gc: Permission denied
rm: /private/var/folders/4n/_bv20k5d26dgrq1t5y4l69940000gn/T/fm-herdr-presentation.NIePjo/home-2ndmate-bravo/state/bcw.git-hooks/pre-merge-commit: Permission denied
rm: /private/var/folders/4n/_bv20k5d26dgrq1t5y4l69940000gn/T/fm-herdr-presentation.NIePjo/home-2ndmate-bravo/state/bcw.git-hooks/post-commit: Permission denied
rm: /private/var/folders/4n/_bv20k5d26dgrq1t5y4l69940000gn/T/fm-herdr-presentation.NIePjo/home-2ndmate-bravo/state/bcw.git-hooks/sendemail-validate: Permission denied
rm: /private/var/folders/4n/_bv20k5d26dgrq1t5y4l69940000gn/T/fm-herdr-presentation.NIePjo/home-2ndmate-bravo/state/bcw.git-hooks/applypatch-msg: Permission denied
rm: /private/var/folders/4n/_bv20k5d26dgrq1t5y4l69940000gn/T/fm-herdr-presentation.NIePjo/home-2ndmate-bravo/state/bcw.git-hooks/prepare-commit-msg: Permission denied
rm: /private/var/folders/4n/_bv20k5d26dgrq1t5y4l69940000gn/T/fm-herdr-presentation.NIePjo/home-2ndmate-bravo/state/bcw.git-hooks/post-checkout: Permission denied
rm: /private/var/folders/4n/_bv20k5d26dgrq1t5y4l69940000gn/T/fm-herdr-presentation.NIePjo/home-2ndmate-bravo/state/bcw.git-hooks/post-applypatch: Permission denied
rm: /private/var/folders/4n/_bv20k5d26dgrq1t5y4l69940000gn/T/fm-herdr-presentation.NIePjo/home-2ndmate-bravo/state/bcw.git-hooks/post-rewrite: Permission denied
rm: /private/var/folders/4n/_bv20k5d26dgrq1t5y4l69940000gn/T/fm-herdr-presentation.NIePjo/home-2ndmate-bravo/state/bcw.git-hooks/commit-msg: Permission denied
rm: /private/var/folders/4n/_bv20k5d26dgrq1t5y4l69940000gn/T/fm-herdr-presentation.NIePjo/home-2ndmate-bravo/state/bcw.git-hooks/pre-push: Permission denied
rm: /private/var/folders/4n/_bv20k5d26dgrq1t5y4l69940000gn/T/fm-herdr-presentation.NIePjo/home-2ndmate-bravo/state/bcw.git-hooks/post-merge: Permission denied
rm: /private/var/folders/4n/_bv20k5d26dgrq1t5y4l69940000gn/T/fm-herdr-presentation.NIePjo/home-2ndmate-bravo/state/bcw.git-hooks/pre-commit: Permission denied
rm: /private/var/folders/4n/_bv20k5d26dgrq1t5y4l69940000gn/T/fm-herdr-presentation.NIePjo/home-2ndmate-bravo/state/bcw.git-hooks: Directory not empty
rm: /private/var/folders/4n/_bv20k5d26dgrq1t5y4l69940000gn/T/fm-herdr-presentation.NIePjo/home-2ndmate-bravo/state/b2.git-hooks/pre-rebase: Permission denied
rm: /private/var/folders/4n/_bv20k5d26dgrq1t5y4l69940000gn/T/fm-herdr-presentation.NIePjo/home-2ndmate-bravo/state/b2.git-hooks/pre-applypatch: Permission denied
rm: /private/var/folders/4n/_bv20k5d26dgrq1t5y4l69940000gn/T/fm-herdr-presentation.NIePjo/home-2ndmate-bravo/state/b2.git-hooks/pre-auto-gc: Permission denied
rm: /private/var/folders/4n/_bv20k5d26dgrq1t5y4l69940000gn/T/fm-herdr-presentation.NIePjo/home-2ndmate-bravo/state/b2.git-hooks/pre-merge-commit: Permission denied
rm: /private/var/folders/4n/_bv20k5d26dgrq1t5y4l69940000gn/T/fm-herdr-presentation.NIePjo/home-2ndmate-bravo/state/b2.git-hooks/post-commit: Permission denied
rm: /private/var/folders/4n/_bv20k5d26dgrq1t5y4l69940000gn/T/fm-herdr-presentation.NIePjo/home-2ndmate-bravo/state/b2.git-hooks/sendemail-validate: Permission denied
rm: /private/var/folders/4n/_bv20k5d26dgrq1t5y4l69940000gn/T/fm-herdr-presentation.NIePjo/home-2ndmate-bravo/state/b2.git-hooks/applypatch-msg: Permission denied
rm: /private/var/folders/4n/_bv20k5d26dgrq1t5y4l69940000gn/T/fm-herdr-presentation.NIePjo/home-2ndmate-bravo/state/b2.git-hooks/prepare-commit-msg: Permission denied
rm: /private/var/folders/4n/_bv20k5d26dgrq1t5y4l69940000gn/T/fm-herdr-presentation.NIePjo/home-2ndmate-bravo/state/b2.git-hooks/post-checkout: Permission denied
rm: /private/var/folders/4n/_bv20k5d26dgrq1t5y4l69940000gn/T/fm-herdr-presentation.NIePjo/home-2ndmate-bravo/state/b2.git-hooks/post-applypatch: Permission denied
rm: /private/var/folders/4n/_bv20k5d26dgrq1t5y4l69940000gn/T/fm-herdr-presentation.NIePjo/home-2ndmate-bravo/state/b2.git-hooks/post-rewrite: Permission denied
rm: /private/var/folders/4n/_bv20k5d26dgrq1t5y4l69940000gn/T/fm-herdr-presentation.NIePjo/home-2ndmate-bravo/state/b2.git-hooks/commit-msg: Permission denied
rm: /private/var/folders/4n/_bv20k5d26dgrq1t5y4l69940000gn/T/fm-herdr-presentation.NIePjo/home-2ndmate-bravo/state/b2.git-hooks/pre-push: Permission denied
rm: /private/var/folders/4n/_bv20k5d26dgrq1t5y4l69940000gn/T/fm-herdr-presentation.NIePjo/home-2ndmate-bravo/state/b2.git-hooks/post-merge: Permission denied
rm: /private/var/folders/4n/_bv20k5d26dgrq1t5y4l69940000gn/T/fm-herdr-presentation.NIePjo/home-2ndmate-bravo/state/b2.git-hooks/pre-commit: Permission denied
rm: /private/var/folders/4n/_bv20k5d26dgrq1t5y4l69940000gn/T/fm-herdr-presentation.NIePjo/home-2ndmate-bravo/state/b2.git-hooks: Directory not empty
rm: /private/var/folders/4n/_bv20k5d26dgrq1t5y4l69940000gn/T/fm-herdr-presentation.NIePjo/home-2ndmate-bravo/state/resume-wave-bravo.git-hooks/pre-rebase: Permission denied
rm: /private/var/folders/4n/_bv20k5d26dgrq1t5y4l69940000gn/T/fm-herdr-presentation.NIePjo/home-2ndmate-bravo/state/resume-wave-bravo.git-hooks/pre-applypatch: Permission denied
rm: /private/var/folders/4n/_bv20k5d26dgrq1t5y4l69940000gn/T/fm-herdr-presentation.NIePjo/home-2ndmate-bravo/state/resume-wave-bravo.git-hooks/pre-auto-gc: Permission denied
rm: /private/var/folders/4n/_bv20k5d26dgrq1t5y4l69940000gn/T/fm-herdr-presentation.NIePjo/home-2ndmate-bravo/state/resume-wave-bravo.git-hooks/pre-merge-commit: Permission denied
rm: /private/var/folders/4n/_bv20k5d26dgrq1t5y4l69940000gn/T/fm-herdr-presentation.NIePjo/home-2ndmate-bravo/state/resume-wave-bravo.git-hooks/post-commit: Permission denied
rm: /private/var/folders/4n/_bv20k5d26dgrq1t5y4l69940000gn/T/fm-herdr-presentation.NIePjo/home-2ndmate-bravo/state/resume-wave-bravo.git-hooks/sendemail-validate: Permission denied
rm: /private/var/folders/4n/_bv20k5d26dgrq1t5y4l69940000gn/T/fm-herdr-presentation.NIePjo/home-2ndmate-bravo/state/resume-wave-bravo.git-hooks/applypatch-msg: Permission denied
rm: /private/var/folders/4n/_bv20k5d26dgrq1t5y4l69940000gn/T/fm-herdr-presentation.NIePjo/home-2ndmate-bravo/state/resume-wave-bravo.git-hooks/prepare-commit-msg: Permission denied
rm: /private/var/folders/4n/_bv20k5d26dgrq1t5y4l69940000gn/T/fm-herdr-presentation.NIePjo/home-2ndmate-bravo/state/resume-wave-bravo.git-hooks/post-checkout: Permission denied
rm: /private/var/folders/4n/_bv20k5d26dgrq1t5y4l69940000gn/T/fm-herdr-presentation.NIePjo/home-2ndmate-bravo/state/resume-wave-bravo.git-hooks/post-applypatch: Permission denied
rm: /private/var/folders/4n/_bv20k5d26dgrq1t5y4l69940000gn/T/fm-herdr-presentation.NIePjo/home-2ndmate-bravo/state/resume-wave-bravo.git-hooks/post-rewrite: Permission denied
rm: /private/var/folders/4n/_bv20k5d26dgrq1t5y4l69940000gn/T/fm-herdr-presentation.NIePjo/home-2ndmate-bravo/state/resume-wave-bravo.git-hooks/commit-msg: Permission denied
rm: /private/var/folders/4n/_bv20k5d26dgrq1t5y4l69940000gn/T/fm-herdr-presentation.NIePjo/home-2ndmate-bravo/state/resume-wave-bravo.git-hooks/pre-push: Permission denied
rm: /private/var/folders/4n/_bv20k5d26dgrq1t5y4l69940000gn/T/fm-herdr-presentation.NIePjo/home-2ndmate-bravo/state/resume-wave-bravo.git-hooks/post-merge: Permission denied
rm: /private/var/folders/4n/_bv20k5d26dgrq1t5y4l69940000gn/T/fm-herdr-presentation.NIePjo/home-2ndmate-bravo/state/resume-wave-bravo.git-hooks/pre-commit: Permission denied
rm: /private/var/folders/4n/_bv20k5d26dgrq1t5y4l69940000gn/T/fm-herdr-presentation.NIePjo/home-2ndmate-bravo/state/resume-wave-bravo.git-hooks: Directory not empty
rm: /private/var/folders/4n/_bv20k5d26dgrq1t5y4l69940000gn/T/fm-herdr-presentation.NIePjo/home-2ndmate-bravo/state: Directory not empty
rm: /private/var/folders/4n/_bv20k5d26dgrq1t5y4l69940000gn/T/fm-herdr-presentation.NIePjo/home-2ndmate-bravo: Directory not empty
rm: /private/var/folders/4n/_bv20k5d26dgrq1t5y4l69940000gn/T/fm-herdr-presentation.NIePjo/home-2ndmate-alpha/state/acw.git-hooks/pre-rebase: Permission denied
rm: /private/var/folders/4n/_bv20k5d26dgrq1t5y4l69940000gn/T/fm-herdr-presentation.NIePjo/home-2ndmate-alpha/state/acw.git-hooks/pre-applypatch: Permission denied
rm: /private/var/folders/4n/_bv20k5d26dgrq1t5y4l69940000gn/T/fm-herdr-presentation.NIePjo/home-2ndmate-alpha/state/acw.git-hooks/pre-auto-gc: Permission denied
rm: /private/var/folders/4n/_bv20k5d26dgrq1t5y4l69940000gn/T/fm-herdr-presentation.NIePjo/home-2ndmate-alpha/state/acw.git-hooks/pre-merge-commit: Permission denied
rm: /private/var/folders/4n/_bv20k5d26dgrq1t5y4l69940000gn/T/fm-herdr-presentation.NIePjo/home-2ndmate-alpha/state/acw.git-hooks/post-commit: Permission denied
rm: /private/var/folders/4n/_bv20k5d26dgrq1t5y4l69940000gn/T/fm-herdr-presentation.NIePjo/home-2ndmate-alpha/state/acw.git-hooks/sendemail-validate: Permission denied
rm: /private/var/folders/4n/_bv20k5d26dgrq1t5y4l69940000gn/T/fm-herdr-presentation.NIePjo/home-2ndmate-alpha/state/acw.git-hooks/applypatch-msg: Permission denied
rm: /private/var/folders/4n/_bv20k5d26dgrq1t5y4l69940000gn/T/fm-herdr-presentation.NIePjo/home-2ndmate-alpha/state/acw.git-hooks/prepare-commit-msg: Permission denied
rm: /private/var/folders/4n/_bv20k5d26dgrq1t5y4l69940000gn/T/fm-herdr-presentation.NIePjo/home-2ndmate-alpha/state/acw.git-hooks/post-checkout: Permission denied
rm: /private/var/folders/4n/_bv20k5d26dgrq1t5y4l69940000gn/T/fm-herdr-presentation.NIePjo/home-2ndmate-alpha/state/acw.git-hooks/post-applypatch: Permission denied
rm: /private/var/folders/4n/_bv20k5d26dgrq1t5y4l69940000gn/T/fm-herdr-presentation.NIePjo/home-2ndmate-alpha/state/acw.git-hooks/post-rewrite: Permission denied
rm: /private/var/folders/4n/_bv20k5d26dgrq1t5y4l69940000gn/T/fm-herdr-presentation.NIePjo/home-2ndmate-alpha/state/acw.git-hooks/commit-msg: Permission denied
rm: /private/var/folders/4n/_bv20k5d26dgrq1t5y4l69940000gn/T/fm-herdr-presentation.NIePjo/home-2ndmate-alpha/state/acw.git-hooks/pre-push: Permission denied
rm: /private/var/folders/4n/_bv20k5d26dgrq1t5y4l69940000gn/T/fm-herdr-presentation.NIePjo/home-2ndmate-alpha/state/acw.git-hooks/post-merge: Permission denied
rm: /private/var/folders/4n/_bv20k5d26dgrq1t5y4l69940000gn/T/fm-herdr-presentation.NIePjo/home-2ndmate-alpha/state/acw.git-hooks/pre-commit: Permission denied
rm: /private/var/folders/4n/_bv20k5d26dgrq1t5y4l69940000gn/T/fm-herdr-presentation.NIePjo/home-2ndmate-alpha/state/acw.git-hooks: Directory not empty
rm: /private/var/folders/4n/_bv20k5d26dgrq1t5y4l69940000gn/T/fm-herdr-presentation.NIePjo/home-2ndmate-alpha/state/a2.git-hooks/pre-rebase: Permission denied
rm: /private/var/folders/4n/_bv20k5d26dgrq1t5y4l69940000gn/T/fm-herdr-presentation.NIePjo/home-2ndmate-alpha/state/a2.git-hooks/pre-applypatch: Permission denied
rm: /private/var/folders/4n/_bv20k5d26dgrq1t5y4l69940000gn/T/fm-herdr-presentation.NIePjo/home-2ndmate-alpha/state/a2.git-hooks/pre-auto-gc: Permission denied
rm: /private/var/folders/4n/_bv20k5d26dgrq1t5y4l69940000gn/T/fm-herdr-presentation.NIePjo/home-2ndmate-alpha/state/a2.git-hooks/pre-merge-commit: Permission denied
rm: /private/var/folders/4n/_bv20k5d26dgrq1t5y4l69940000gn/T/fm-herdr-presentation.NIePjo/home-2ndmate-alpha/state/a2.git-hooks/post-commit: Permission denied
rm: /private/var/folders/4n/_bv20k5d26dgrq1t5y4l69940000gn/T/fm-herdr-presentation.NIePjo/home-2ndmate-alpha/state/a2.git-hooks/sendemail-validate: Permission denied
rm: /private/var/folders/4n/_bv20k5d26dgrq1t5y4l69940000gn/T/fm-herdr-presentation.NIePjo/home-2ndmate-alpha/state/a2.git-hooks/applypatch-msg: Permission denied
rm: /private/var/folders/4n/_bv20k5d26dgrq1t5y4l69940000gn/T/fm-herdr-presentation.NIePjo/home-2ndmate-alpha/state/a2.git-hooks/prepare-commit-msg: Permission denied
rm: /private/var/folders/4n/_bv20k5d26dgrq1t5y4l69940000gn/T/fm-herdr-presentation.NIePjo/home-2ndmate-alpha/state/a2.git-hooks/post-checkout: Permission denied
rm: /private/var/folders/4n/_bv20k5d26dgrq1t5y4l69940000gn/T/fm-herdr-presentation.NIePjo/home-2ndmate-alpha/state/a2.git-hooks/post-applypatch: Permission denied
rm: /private/var/folders/4n/_bv20k5d26dgrq1t5y4l69940000gn/T/fm-herdr-presentation.NIePjo/home-2ndmate-alpha/state/a2.git-hooks/post-rewrite: Permission denied
rm: /private/var/folders/4n/_bv20k5d26dgrq1t5y4l69940000gn/T/fm-herdr-presentation.NIePjo/home-2ndmate-alpha/state/a2.git-hooks/commit-msg: Permission denied
rm: /private/var/folders/4n/_bv20k5d26dgrq1t5y4l69940000gn/T/fm-herdr-presentation.NIePjo/home-2ndmate-alpha/state/a2.git-hooks/pre-push: Permission denied
rm: /private/var/folders/4n/_bv20k5d26dgrq1t5y4l69940000gn/T/fm-herdr-presentation.NIePjo/home-2ndmate-alpha/state/a2.git-hooks/post-merge: Permission denied
rm: /private/var/folders/4n/_bv20k5d26dgrq1t5y4l69940000gn/T/fm-herdr-presentation.NIePjo/home-2ndmate-alpha/state/a2.git-hooks/pre-commit: Permission denied
rm: /private/var/folders/4n/_bv20k5d26dgrq1t5y4l69940000gn/T/fm-herdr-presentation.NIePjo/home-2ndmate-alpha/state/a2.git-hooks: Directory not empty
rm: /private/var/folders/4n/_bv20k5d26dgrq1t5y4l69940000gn/T/fm-herdr-presentation.NIePjo/home-2ndmate-alpha/state/a1.git-hooks/pre-rebase: Permission denied
rm: /private/var/folders/4n/_bv20k5d26dgrq1t5y4l69940000gn/T/fm-herdr-presentation.NIePjo/home-2ndmate-alpha/state/a1.git-hooks/pre-applypatch: Permission denied
rm: /private/var/folders/4n/_bv20k5d26dgrq1t5y4l69940000gn/T/fm-herdr-presentation.NIePjo/home-2ndmate-alpha/state/a1.git-hooks/pre-auto-gc: Permission denied
rm: /private/var/folders/4n/_bv20k5d26dgrq1t5y4l69940000gn/T/fm-herdr-presentation.NIePjo/home-2ndmate-alpha/state/a1.git-hooks/pre-merge-commit: Permission denied
rm: /private/var/folders/4n/_bv20k5d26dgrq1t5y4l69940000gn/T/fm-herdr-presentation.NIePjo/home-2ndmate-alpha/state/a1.git-hooks/post-commit: Permission denied
rm: /private/var/folders/4n/_bv20k5d26dgrq1t5y4l69940000gn/T/fm-herdr-presentation.NIePjo/home-2ndmate-alpha/state/a1.git-hooks/sendemail-validate: Permission denied
rm: /private/var/folders/4n/_bv20k5d26dgrq1t5y4l69940000gn/T/fm-herdr-presentation.NIePjo/home-2ndmate-alpha/state/a1.git-hooks/applypatch-msg: Permission denied
rm: /private/var/folders/4n/_bv20k5d26dgrq1t5y4l69940000gn/T/fm-herdr-presentation.NIePjo/home-2ndmate-alpha/state/a1.git-hooks/prepare-commit-msg: Permission denied
rm: /private/var/folders/4n/_bv20k5d26dgrq1t5y4l69940000gn/T/fm-herdr-presentation.NIePjo/home-2ndmate-alpha/state/a1.git-hooks/post-checkout: Permission denied
rm: /private/var/folders/4n/_bv20k5d26dgrq1t5y4l69940000gn/T/fm-herdr-presentation.NIePjo/home-2ndmate-alpha/state/a1.git-hooks/post-applypatch: Permission denied
rm: /private/var/folders/4n/_bv20k5d26dgrq1t5y4l69940000gn/T/fm-herdr-presentation.NIePjo/home-2ndmate-alpha/state/a1.git-hooks/post-rewrite: Permission denied
rm: /private/var/folders/4n/_bv20k5d26dgrq1t5y4l69940000gn/T/fm-herdr-presentation.NIePjo/home-2ndmate-alpha/state/a1.git-hooks/commit-msg: Permission denied
rm: /private/var/folders/4n/_bv20k5d26dgrq1t5y4l69940000gn/T/fm-herdr-presentation.NIePjo/home-2ndmate-alpha/state/a1.git-hooks/pre-push: Permission denied
rm: /private/var/folders/4n/_bv20k5d26dgrq1t5y4l69940000gn/T/fm-herdr-presentation.NIePjo/home-2ndmate-alpha/state/a1.git-hooks/post-merge: Permission denied
rm: /private/var/folders/4n/_bv20k5d26dgrq1t5y4l69940000gn/T/fm-herdr-presentation.NIePjo/home-2ndmate-alpha/state/a1.git-hooks/pre-commit: Permission denied
rm: /private/var/folders/4n/_bv20k5d26dgrq1t5y4l69940000gn/T/fm-herdr-presentation.NIePjo/home-2ndmate-alpha/state/a1.git-hooks: Directory not empty
rm: /private/var/folders/4n/_bv20k5d26dgrq1t5y4l69940000gn/T/fm-herdr-presentation.NIePjo/home-2ndmate-alpha/state: Directory not empty
rm: /private/var/folders/4n/_bv20k5d26dgrq1t5y4l69940000gn/T/fm-herdr-presentation.NIePjo/home-2ndmate-alpha: Directory not empty
rm: /private/var/folders/4n/_bv20k5d26dgrq1t5y4l69940000gn/T/fm-herdr-presentation.NIePjo: Directory not empty
exit=1 secs=676
